# https://github.com/pleabargain/graphing-decision-tree/tree/interactive
  console.log
    File saved: test_save_jest.js

      at log (server.js:20:13)

  console.log
    Generating content with model: gemma3:4b

      at log (server.js:20:13)

  console.error
    Error communicating with Ollama: TypeError: A dynamic import callback was invoked without --experimental-vm-modules
        at importModuleDynamicallyCallback (node:internal/modules/esm/utils:264:11)
        at then (C:\Users\denni\OneDrive\Documents\graphing-decision-tree\server.js:6:49)
        at fetch (C:\Users\denni\OneDrive\Documents\graphing-decision-tree\server.js:64:32)
        at Layer.handle [as handle_request] (C:\Users\denni\OneDrive\Documents\graphing-decision-tree\node_modules\express\lib\router\layer.js:95:5)
        at next (C:\Users\denni\OneDrive\Documents\graphing-decision-tree\node_modules\express\lib\router\route.js:149:13)
        at Route.dispatch (C:\Users\denni\OneDrive\Documents\graphing-decision-tree\node_modules\express\lib\router\route.js:119:3)
        at Layer.handle [as handle_request] (C:\Users\denni\OneDrive\Documents\graphing-decision-tree\node_modules\express\lib\router\layer.js:95:5)
        at C:\Users\denni\OneDrive\Documents\graphing-decision-tree\node_modules\express\lib\router\index.js:284:15
        at router.process_params (C:\Users\denni\OneDrive\Documents\graphing-decision-tree\node_modules\express\lib\router\index.js:346:12)
        at next (C:\Users\denni\OneDrive\Documents\graphing-decision-tree\node_modules\express\lib\router\index.js:280:10)
        at serveStatic (C:\Users\denni\OneDrive\Documents\graphing-decision-tree\node_modules\serve-static\index.js:75:16)
        at Layer.handle [as handle_request] (C:\Users\denni\OneDrive\Documents\graphing-decision-tree\node_modules\express\lib\router\layer.js:95:5)
        at trim_prefix (C:\Users\denni\OneDrive\Documents\graphing-decision-tree\node_modules\express\lib\router\index.js:328:13)
        at C:\Users\denni\OneDrive\Documents\graphing-decision-tree\node_modules\express\lib\router\index.js:286:9
        at router.process_params (C:\Users\denni\OneDrive\Documents\graphing-decision-tree\node_modules\express\lib\router\index.js:346:12)
        at next (C:\Users\denni\OneDrive\Documents\graphing-decision-tree\node_modules\express\lib\router\index.js:280:10)
        at C:\Users\denni\OneDrive\Documents\graphing-decision-tree\node_modules\body-parser\lib\read.js:137:5
        at AsyncResource.runInAsyncScope (node:async_hooks:213:14)
        at invokeCallback (C:\Users\denni\OneDrive\Documents\graphing-decision-tree\node_modules\raw-body\index.js:238:16)
        at done (C:\Users\denni\OneDrive\Documents\graphing-decision-tree\node_modules\raw-body\index.js:227:7)
        at IncomingMessage.onEnd (C:\Users\denni\OneDrive\Documents\graphing-decision-tree\node_modules\raw-body\index.js:287:7)
        at IncomingMessage.emit (node:events:508:28)
        at endReadableNT (node:internal/streams/readable:1701:12)
        at processTicksAndRejections (node:internal/process/task_queues:89:21) {
      code: 'ERR_VM_DYNAMIC_IMPORT_CALLBACK_MISSING_FLAG'
    }

    [0m [90m 81 |[39m         res[33m.[39mjson(data)[33m;[39m
     [90m 82 |[39m     } [36mcatch[39m (error) {
    [31m[1m>[22m[39m[90m 83 |[39m         console[33m.[39merror([32m'Error communicating with Ollama:'[39m[33m,[39m error)[33m;[39m
     [90m    |[39m                 [31m[1m^[22m[39m
     [90m 84 |[39m         log([32m`Error communicating with Ollama: ${error.message}`[39m)[33m;[39m
     [90m 85 |[39m         res[33m.[39mstatus([35m500[39m)[33m.[39mjson({ error[33m:[39m [32m'Failed to communicate with Ollama'[39m[33m,[39m details[33m:[39m error[33m.[39mmessage })[33m;[39m
     [90m 86 |[39m     }[0m

      at error (server.js:83:17)

  console.log
    Error communicating with Ollama: A dynamic import callback was invoked without --experimental-vm-modules

      at log (server.js:20:13)

FAIL ./server.test.js
  API Endpoints
    POST /api/save
      ΓêÜ should save tree data to a file (36 ms)
      ΓêÜ should return 400 if filename or treeData is missing (3 ms)
    POST /api/generate
      ├ù should return generated content (7 ms)
      ΓêÜ should return 400 if prompt is missing (2 ms)

  ΓùÅ API Endpoints ΓÇ║ POST /api/generate ΓÇ║ should return generated content

    expect(received).toEqual(expected) // deep equality

    Expected: 200
    Received: 500

      54 |                 .send({ prompt: 'Test prompt' });
      55 |
    > 56 |             expect(res.statusCode).toEqual(200);
         |                                    ^
      57 |             expect(res.body.response).toBe('["Option A", "Option B"]');
      58 |             expect(fetch).toHaveBeenCalledTimes(1);
      59 |         });

      at Object.toEqual (server.test.js:56:36)

Test Suites: 1 failed, 1 total
Tests:       1 failed, 3 passed, 4 total
Snapshots:   0 total
Time:        0.421 s, estimated 1 s
Ran all test suites.
